{
  "titi": [
    {
      "fakeItem1": "fakeValue1-1",
      "fakeItem2": "fakeValue2-1",
      "fakeItem3": "fakeValue3-1",
      "fakeItem4": "fakeValue4-1",
      "fakeItem5": "fakeValue5-1",
      "fakeItem6": "fakeValue6-1",
      "fakeItem7": "fakeValue7-1",
      "fake_item_8": "fakeValue8-1",
      "fake_item_9": "fakeValue9-1",
      "toto": []
    },
    {
      "fakeItem1": "fakeValue1-2",
      "fakeItem2": "fakeValue2-2",
      "fakeItem3": "fakeValue3-2",
      "fakeItem4": "fakeValue4-2",
      "fakeItem5": "fakeValue5-2",
      "fakeItem6": "fakeValue6-2",
      "fakeItem7": "fakeValue7-2",
      "fake_item_8": "fakeValue8-2",
      "fake_item_9": "fakeValue9-2",
      "toto": [
        {
          "1": "11",
          "2": "21",
          "3": "31",
          "deepLine": [
            {
              "it1": "it11",
              "it2": "it21",
              "it3": "it31"
            },
            {
              "it1": "it12",
              "it2": "it22",
              "it3": "it32"
            }
          ]
        },
        {
          "1": "12",
          "2": "22",
          "3": "32",
          "deepLine": [
            {
              "it1": "it12",
              "it2": "it22",
              "it3": "it32"
            }
          ]
        }
      ]
    },
    {
      "fakeItem1": "fakeValue1-3",
      "fakeItem2": "fakeValue2-3",
      "fakeItem3": "fakeValue3-3",
      "fakeItem4": "fakeValue4-3",
      "fakeItem5": "fakeValue5-3",
      "fakeItem6": "fakeValue6-3",
      "fakeItem7": "fakeValue7-3",
      "fake_item_8": "fakeValue8-3",
      "fake_item_9": "fakeValue9-3",
      "toto": []
    }
  ],
  "other": [
    {
      "1": "item1",
      "2": "item2",
      "3": "item3"
    }
  ]
}
