{
  "place": [
    {
      "plc_identifier": "plc_identifier1",
      "plc_description": "plc_description1",
      "plc_reference_place": "plc_reference_place1",
      "plc_type": "plc_type1",
      "loca_x_coord": "loca_x_coord1",
      "loca_y_coord": "loca_y_coord1",
      "loca_segment_ext_id": "loca_segment_ext_id1",
      "loca_segment_side": "loca_segment_side1",
      "plc_id_les_halles": "plc_id_les_halles1",
      "plc_code_reseau": "plc_code_reseau1",
      "plc_code_immuable": "plc_code_immuable1",
      "plc_code_chantier": "plc_code_chantier1",
      "plc_libelle_pr": "plc_libelle_pr1",
      "plc_id_voie_agathe": "plc_id_voie_agathe1",
      "plc_libelle_voie_agathe": "plc_libelle_voie_agathe1",
      "plc_source": "plc_source1",
      "plc_trigramme": "plc_trigramme1",
      "plc_type_sncf": "plc_type_sncf1",
      "plc_est_technicentre": "plc_est_technicentre1",
      "plc_stationnement_reduit": "plc_stationnement_reduit1",
      "plc_date_debut_validite": "plc_date_debut_validite1",
      "plc_date_fin_validite": "plc_date_fin_validite1",
      "toto": []
    },
    {
      "plc_identifier": "plc_identifier2",
      "plc_description": "plc_description2",
      "plc_reference_place": "plc_reference_place2",
      "plc_type": "plc_type2",
      "loca_x_coord": "loca_x_coord2",
      "loca_y_coord": "loca_y_coord2",
      "loca_segment_ext_id": "loca_segment_ext_id2",
      "loca_segment_side": "loca_segment_side2",
      "plc_id_les_halles": "plc_id_les_halles2",
      "plc_code_reseau": "plc_code_reseau2",
      "plc_code_immuable": "plc_code_immuable2",
      "plc_code_chantier": "plc_code_chantier2",
      "plc_libelle_pr": "plc_libelle_pr2",
      "plc_id_voie_agathe": "plc_id_voie_agathe2",
      "plc_libelle_voie_agathe": "plc_libelle_voie_agathe2",
      "plc_source": "plc_source2",
      "plc_trigramme": "plc_trigramme2",
      "plc_type_sncf": "plc_type_sncf2",
      "plc_est_technicentre": "plc_est_technicentre2",
      "plc_stationnement_reduit": "plc_stationnement_reduit2",
      "plc_date_debut_validite": "plc_date_debut_validite2",
      "plc_date_fin_validite": "plc_date_fin_validite2",
      "toto": [
        {
          "1": "11",
          "2": "21",
          "3": "31",
          "deepLine": [
            {
              "it1": "it11",
              "it2": "it21",
              "it3": "it31"
            },
            {
              "it1": "it12",
              "it2": "it22",
              "it3": "it32"
            }
          ]
        },
        {
          "1": "12",
          "2": "22",
          "3": "32",
          "deepLine": [
            {
              "it1": "it12",
              "it2": "it22",
              "it3": "it32"
            }
          ]
        }
      ]
    },
    {
      "plc_identifier": "plc_identifier3",
      "plc_description": "plc_description3",
      "plc_reference_place": "plc_reference_place3",
      "plc_type": "plc_type3",
      "loca_x_coord": "loca_x_coord3",
      "loca_y_coord": "loca_y_coord3",
      "loca_segment_ext_id": "loca_segment_ext_id3",
      "loca_segment_side": "loca_segment_side3",
      "plc_id_les_halles": "plc_id_les_halles3",
      "plc_code_reseau": "plc_code_reseau3",
      "plc_code_immuable": "plc_code_immuable3",
      "plc_code_chantier": "plc_code_chantier3",
      "plc_libelle_pr": "plc_libelle_pr3",
      "plc_id_voie_agathe": "plc_id_voie_agathe3",
      "plc_libelle_voie_agathe": "plc_libelle_voie_agathe3",
      "plc_source": "plc_source3",
      "plc_trigramme": "plc_trigramme3",
      "plc_type_sncf": "plc_type_sncf3",
      "plc_est_technicentre": "plc_est_technicentre3",
      "plc_stationnement_reduit": "plc_stationnement_reduit3",
      "plc_date_debut_validite": "plc_date_debut_validite3",
      "plc_date_fin_validite": "plc_date_fin_validite3",
      "toto": []
    }
  ],
  "other": [
    {
      "1": "item1",
      "2": "item2",
      "3": "item3"
    }
  ]
}
