{
  "4770-AEROPORT CHARLES DE GAULLE 2 TGV": "CGPhr",
  "4771-AEROPORT CHARLES DE GAULLE 1": "RSYhr",
  "4740-PARC DES EXPOSITIONS": "PEX-00",
  "4818-VILLEPINTE": "VPN-00",
  "4774-SEVRAN BEAUDOTTES": "BDE-00",
  "4995-MITRY CLAYE": "MY-00",
  "4816-VILLEPARISIS MITRY LE NEUF": "VII-00",
  "4837-VERT GALANT": "VGL-00",
  "4812-SEVRAN LIVRY": "SEV-00",
  "4941-AULNAY SOUS BOIS": "AB-BV",
  "4947-LE BLANC MESNIL ": "BAM-00",
  "4938-DRANCY": "DRN-00",
  "5006-LE BOURGET ": "LBT-00",
  "4942-LA COURNEUVE AUBERVILLIERS ": "CUU-BV",
  "5008-LA PLAINE STADE DE FRANCE ": "LPD-00",
  "4736-PARIS NORD": "PNO-BV",
  "4731-CHATELET LES HALLES": "CLX-BV",
  "4972-SAINT-MICHEL NOTRE DAME": "SHL-00",
  "4636-LUXEMBOURG": "LXJ-00",
  "4817-PORT ROYAL": "PWR-00",
  "4607-DENFERT ROCHEREAU": "DFR-00",
  "4718-CITE UNIVERSITAIRE": "CUF-00",
  "4610-GENTILLY": "GTL-00",
  "4631-LAPLACE": "LJA-00",
  "4686-ARCUEIL CACHAN": "ARK-00",
  "4716-BAGNEUX": "BGK-00",
  "4706-BOURG LA REINE": "BQQ-00",
  "4802-PARC DE SCEAUX": "PCX-00",
  "4600-LA CROIX DE BERNY": "XBY-00",
  "4688-ANTONY": "ATW-00",
  "4606-FONTAINE MICHALON": "FMN-00",
  "4684-LES BACONNETS": "BQC-00",
  "4603-MASSY VERRIERES": "MVW-00",
  "4821-MASSY PALAISEAU": "MP-00",
  "4804-PALAISEAU": "PAX-00",
  "4805-PALAISEAU VILLEBON": "PAW-00",
  "4639-LOZERE": "LZV-00",
  "4608-LE GUICHET": "GUW-00",
  "4808-Orsay Ville": "ORS-00",
  "4711-BURES SUR YVETTE": "BVJ-00",
  "4626-LA HAQUINIERE": "HAQ-00",
  "4609-GIF SUR YVETTE": "GIF-00",
  "4602-COURCELLE SUR YVETTE": "CVW-00",
  "4832-SAINT-REMY LES CHEVREUSE": "USE-00",
  "4833-SCEAUX": "SKX-00",
  "4605-FONTENAY AUX ROSES": "FNR-00",
  "4835-ROBINSON": "RNS-00"
}
